init **** success
Arguments:
  /Applications/Cocos/Creator/3.8.8/CocosCreator.app/Contents/MacOS/CocosCreator: true
  project: /private/tmp/wxstack-ui-baseline-project
  build: platform=web-mobile;debug=true
  dev: false
  home: /Users/wxkang/.CocosCreator
 
[Package] metrics@1.0.0 enable
[Package] menu@1.0.0 enable
[Package] profile@1.0.0 enable
[Package] project@1.0.6 enable
[Package] messages@1.0.0 enable
[Package] utils@1.0.0 enable
[Package] program@1.0.4 enable
[Package] tester@1.0.0 enable
[Package] information@1.0.1 enable
[Package] preferences@1.0.0 enable
[EditorQuickCompiler]Version information looks good.
Note, quick compiler does not get launched.
engine:compile-builtin-engine-success (107ms)
Load engine in /Applications/Cocos/Creator/3.8.8/CocosCreator.app/Contents/Resources/resources/3d/engine
Register native engine in /Applications/Cocos/Creator/3.8.8/CocosCreator.app/Contents/Resources/resources/3d/engine/native
[Package] engine@1.0.12 enable
[Package] programming@1.0.0 enable
[Package] window@1.0.0 enable
Request namespace: device-list
[Package] device@1.0.1 enable
[Package] ui-kit@1.0.1 enable
[Package] asset-db@1.0.0 enable
[Package] scene@1.0.3 enable
[Package] server@1.0.0 enable
[Package] preview@1.0.1 enable
Preview import map: {
  "imports": {
    "cc": "cce:/internal/x/cc",
    "cc/env": "cc/editor/populate-internal-constants",
    "cce.env": "cc/editor/populate-internal-constants",
    "cc/userland/macro": "./userland/macro"
  }
}
[Package] animator@1.0.0 enable
[Build] internalRegister pkg(scene) in android platform success!
[Package] builder@1.3.9 enable
[Build] internalRegister pkg(scene) in google-play platform success!
[Build] internalRegister pkg(scene) in ohos platform success!
[Build] internalRegister pkg(scene) in harmonyos-next platform success!
[Build] internalRegister pkg(scene) in huawei-agc platform success!
[Build] internalRegister pkg(scene) in ios platform success!
[Build] internalRegister pkg(scene) in windows platform success!
[Build] internalRegister pkg(scene) in mac platform success!
[Build] internalRegister pkg(scene) in linux platform success!
[Build] internalRegister pkg(scene) in alipay-mini-game platform success!
[Build] internalRegister pkg(scene) in taobao-creative-app platform success!
[Build] internalRegister pkg(scene) in taobao-mini-game platform success!
[Build] internalRegister pkg(scene) in bytedance-mini-game platform success!
[Build] internalRegister pkg(scene) in oppo-mini-game platform success!
[Build] internalRegister pkg(scene) in huawei-quick-game platform success!
[Build] internalRegister pkg(scene) in migu-mini-game platform success!
[Build] internalRegister pkg(scene) in honor-mini-game platform success!
[Build] internalRegister pkg(scene) in vivo-mini-game platform success!
[Build] internalRegister pkg(scene) in xiaomi-quick-game platform success!
[Build] internalRegister pkg(scene) in baidu-mini-game platform success!
[Build] internalRegister pkg(scene) in wechatgame platform success!
[Build] internalRegister pkg(scene) in wechatprogram platform success!
[Build] internalRegister pkg(scene) in link-sure platform success!
[Build] internalRegister pkg(scene) in qtt platform success!
[Build] internalRegister pkg(scene) in fb-instant-games platform success!
[Build] internalRegister pkg(scene) in web-desktop platform success!
[Build] internalRegister pkg(scene) in web-mobile platform success!
[Build] internalRegister pkg(scene) in cocos-runtime platform success!
[Build] internalRegister pkg(scene) in platform-example platform success!
[Build] internalRegister pkg(scene) in online platform success!
[Build] internalRegister pkg(scene) in xr-meta platform success!
[Build] internalRegister pkg(scene) in xr-huaweivr platform success!
[Build] internalRegister pkg(scene) in xr-pico platform success!
[Build] internalRegister pkg(scene) in xr-rokid platform success!
[Build] internalRegister pkg(scene) in xr-monado platform success!
[Build] internalRegister pkg(scene) in xr-spaces platform success!
[Build] internalRegister pkg(scene) in xr-seed platform success!
[Build] internalRegister pkg(scene) in ar-android platform success!
[Build] internalRegister pkg(scene) in ar-ios platform success!
[Build] internalRegister pkg(scene) in xr-gsxr platform success!
[Build] internalRegister pkg(scene) in xr-yvr platform success!
[Build] internalRegister pkg(scene) in xr-htc platform success!
[Build] internalRegister pkg(scene) in xr-iqiyi platform success!
[Build] internalRegister pkg(scene) in xr-skyworth platform success!
[Build] internalRegister pkg(scene) in xr-ffalcon platform success!
[Build] internalRegister pkg(scene) in xr-nreal platform success!
[Build] internalRegister pkg(scene) in xr-inmo platform success!
[Build] internalRegister pkg(scene) in xr-lenovo platform success!
[Build] internalRegister pkg(scene) in android-hmi platform success!
[Build-plugin] register pkg scene: 15ms
Builder PluginManager init: 15ms
[Package] shortcuts@1.0.1 enable
[Package] animation-graph@1.0.0 enable
[Package] about@1.0.0 enable
[Package] assets@1.0.0 enable
[Package] console@1.0.0 enable
[Package] crash-reporter@1.0.0 enable
[Package] extension@3.1.4 enable
[Package] feedback@1.0.0 enable
[Package] hierarchy@1.0.0 enable
[Package] inspector@1.0.0 enable
[Package] light-probe@1.0.4 enable
[Package] lightmap@1.0.4 enable
[Package] node-library@1.0.1 enable
[Package] package-asset@1.0.3 enable
[Package] process@1.0.0 enable
[Package] reference-image@1.0.0 enable
[Package] reflection-probe@1.0.4 enable
[Package] engine-extends@1.0.0 enable
[Package] adsense-h5g-plugin@1.0.1 enable
[Build] internalRegister pkg(adsense-h5g-plugin) in android platform success!
[Build] internalRegister pkg(adsense-h5g-plugin) in google-play platform success!
[Build] internalRegister pkg(adsense-h5g-plugin) in ohos platform success!
[Build] internalRegister pkg(adsense-h5g-plugin) in harmonyos-next platform success!
[Build] internalRegister pkg(adsense-h5g-plugin) in huawei-agc platform success!
[Build] internalRegister pkg(adsense-h5g-plugin) in ios platform success!
[Build] internalRegister pkg(adsense-h5g-plugin) in windows platform success!
[Build] internalRegister pkg(adsense-h5g-plugin) in mac platform success!
[Build] internalRegister pkg(adsense-h5g-plugin) in linux platform success!
[Build] internalRegister pkg(adsense-h5g-plugin) in alipay-mini-game platform success!
[Build] internalRegister pkg(adsense-h5g-plugin) in taobao-creative-app platform success!
[Build] internalRegister pkg(adsense-h5g-plugin) in taobao-mini-game platform success!
[Build] internalRegister pkg(adsense-h5g-plugin) in bytedance-mini-game platform success!
[Build] internalRegister pkg(adsense-h5g-plugin) in oppo-mini-game platform success!
[Build] internalRegister pkg(adsense-h5g-plugin) in huawei-quick-game platform success!
[Build] internalRegister pkg(adsense-h5g-plugin) in migu-mini-game platform success!
[Build] internalRegister pkg(adsense-h5g-plugin) in honor-mini-game platform success!
[Build] internalRegister pkg(adsense-h5g-plugin) in vivo-mini-game platform success!
[Build] internalRegister pkg(adsense-h5g-plugin) in xiaomi-quick-game platform success!
[Build] internalRegister pkg(adsense-h5g-plugin) in baidu-mini-game platform success!
[Build] internalRegister pkg(adsense-h5g-plugin) in wechatgame platform success!
[Build] internalRegister pkg(adsense-h5g-plugin) in wechatprogram platform success!
[Build] internalRegister pkg(adsense-h5g-plugin) in link-sure platform success!
[Build] internalRegister pkg(adsense-h5g-plugin) in qtt platform success!
[Build] internalRegister pkg(adsense-h5g-plugin) in fb-instant-games platform success!
[Build] internalRegister pkg(adsense-h5g-plugin) in web-desktop platform success!
[Build] internalRegister pkg(adsense-h5g-plugin) in web-mobile platform success!
[Build] internalRegister pkg(adsense-h5g-plugin) in cocos-runtime platform success!
[Build] internalRegister pkg(adsense-h5g-plugin) in platform-example platform success!
[Build] internalRegister pkg(adsense-h5g-plugin) in online platform success!
[Build] internalRegister pkg(adsense-h5g-plugin) in xr-meta platform success!
[Build] internalRegister pkg(adsense-h5g-plugin) in xr-huaweivr platform success!
[Build] internalRegister pkg(adsense-h5g-plugin) in xr-pico platform success!
[Build] internalRegister pkg(adsense-h5g-plugin) in xr-rokid platform success!
[Build] internalRegister pkg(adsense-h5g-plugin) in xr-monado platform success!
[Build] internalRegister pkg(adsense-h5g-plugin) in xr-spaces platform success!
[Build] internalRegister pkg(adsense-h5g-plugin) in xr-seed platform success!
[Build] internalRegister pkg(adsense-h5g-plugin) in ar-android platform success!
[Build] internalRegister pkg(adsense-h5g-plugin) in ar-ios platform success!
[Build] internalRegister pkg(adsense-h5g-plugin) in xr-gsxr platform success!
[Build] internalRegister pkg(adsense-h5g-plugin) in xr-yvr platform success!
[Build] internalRegister pkg(adsense-h5g-plugin) in xr-htc platform success!
[Build] internalRegister pkg(adsense-h5g-plugin) in xr-iqiyi platform success!
[Build] internalRegister pkg(adsense-h5g-plugin) in xr-skyworth platform success!
[Build] internalRegister pkg(adsense-h5g-plugin) in xr-ffalcon platform success!
[Build] internalRegister pkg(adsense-h5g-plugin) in xr-nreal platform success!
[Build] internalRegister pkg(adsense-h5g-plugin) in xr-inmo platform success!
[Build] internalRegister pkg(adsense-h5g-plugin) in xr-lenovo platform success!
[Build] internalRegister pkg(adsense-h5g-plugin) in android-hmi platform success!
[Build] internalRegister pkg(adsense-h5g-plugin) in web-desktop platform success!
[Build] internalRegister pkg(adsense-h5g-plugin) in web-mobile platform success!
[Build-plugin] register pkg adsense-h5g-plugin: 3ms
[Package] alipay-mini-game@1.0.2 enable
[Build] internalRegister pkg(alipay-mini-game) in alipay-mini-game platform success!
[Build-plugin] register pkg alipay-mini-game: 3ms
[Package] android@1.0.1 enable
[Build] internalRegister pkg(android) in android platform success!
[Build] internalRegister pkg(android) in huawei-agc platform success!
[Build-plugin] register pkg android: 3ms
[Package] bytedance-mini-game@1.0.3 enable
[Build] internalRegister pkg(bytedance-mini-game) in bytedance-mini-game platform success!
[Build-plugin] register pkg bytedance-mini-game: 3ms
[Package] certificate@1.0.0 enable
[Package] channel-upload-tools@1.0.0 enable
[Package] fb-instant-games@1.0.0 enable
[Build] internalRegister pkg(fb-instant-games) in fb-instant-games platform success!
[Build-plugin] register pkg fb-instant-games: 2ms
[Package] google-play@1.0.1 enable
[Build] internalRegister pkg(google-play) in google-play platform success!
[Build-plugin] register pkg google-play: 2ms
[Package] harmonyos-next@1.0.0 enable
[Build] internalRegister pkg(harmonyos-next) in harmonyos-next platform success!
[Build-plugin] register pkg harmonyos-next: 3ms
[Package] honor-mini-game@1.0.0 enable
[Build] internalRegister pkg(honor-mini-game) in honor-mini-game platform success!
[Build-plugin] register pkg honor-mini-game: 2ms
[Package] huawei-agc@1.0.0 enable
[Build] internalRegister pkg(huawei-agc) in huawei-agc platform success!
[Build-plugin] register pkg huawei-agc: 2ms
[Package] huawei-quick-game@1.0.3 enable
[Build] internalRegister pkg(huawei-quick-game) in huawei-quick-game platform success!
[Build-plugin] register pkg huawei-quick-game: 2ms
[Package] ios@1.0.1 enable
[Build] internalRegister pkg(ios) in ios platform success!
[Build-plugin] register pkg ios: 2ms
[Package] linux@1.0.0 enable
平台 linux 不存在，无法添加该平台
[Package] mac@1.0.0 enable
[Build] internalRegister pkg(mac) in mac platform success!
[Build-plugin] register pkg mac: 2ms
[Package] migu-mini-game@1.0.0 enable
[Build] internalRegister pkg(migu-mini-game) in migu-mini-game platform success!
[Build-plugin] register pkg migu-mini-game: 2ms
[Package] native@1.0.2 enable
[Build] internalRegister pkg(native) in ios platform success!
[Build] internalRegister pkg(native) in android platform success!
[Build] internalRegister pkg(native) in huawei-agc platform success!
[Build] internalRegister pkg(native) in windows platform success!
[Build] internalRegister pkg(native) in mac platform success!
[Build] internalRegister pkg(native) in google-play platform success!
[Build] internalRegister pkg(native) in ohos platform success!
[Build] internalRegister pkg(native) in harmonyos-next platform success!
平台 linux 不存在，不支持向该平台注册任何内容
[Build] internalRegister pkg(native) in xr-huaweivr platform success!
[Build] internalRegister pkg(native) in xr-meta platform success!
[Build] internalRegister pkg(native) in xr-pico platform success!
[Build] internalRegister pkg(native) in xr-rokid platform success!
[Build] internalRegister pkg(native) in xr-monado platform success!
[Build] internalRegister pkg(native) in ar-android platform success!
[Build] internalRegister pkg(native) in ar-ios platform success!
[Build] internalRegister pkg(native) in xr-spaces platform success!
[Build] internalRegister pkg(native) in xr-seed platform success!
[Build] internalRegister pkg(native) in xr-gsxr platform success!
[Build] internalRegister pkg(native) in xr-yvr platform success!
[Build] internalRegister pkg(native) in xr-htc platform success!
[Build] internalRegister pkg(native) in xr-iqiyi platform success!
[Build] internalRegister pkg(native) in xr-skyworth platform success!
[Build] internalRegister pkg(native) in xr-ffalcon platform success!
[Build] internalRegister pkg(native) in xr-nreal platform success!
[Build] internalRegister pkg(native) in xr-inmo platform success!
[Build] internalRegister pkg(native) in xr-lenovo platform success!
[Build-plugin] register pkg native: 3ms
[Package] ohos@1.0.0 enable
[Build] internalRegister pkg(ohos) in ohos platform success!
[Build-plugin] register pkg ohos: 1ms
[Package] oppo-mini-game@1.0.3 enable
[Build] internalRegister pkg(oppo-mini-game) in oppo-mini-game platform success!
[Build-plugin] register pkg oppo-mini-game: 3ms
[Package] runtime-dev-tools@1.0.0 enable
[Package] taobao-mini-game@1.0.1 enable
[Build] internalRegister pkg(taobao-mini-game) in taobao-mini-game platform success!
[Build-plugin] register pkg taobao-mini-game: 2ms
[Package] vivo-mini-game@1.0.3 enable
[Build] internalRegister pkg(vivo-mini-game) in vivo-mini-game platform success!
[Build-plugin] register pkg vivo-mini-game: 2ms
[Package] web-desktop@1.0.1 enable
[Build] internalRegister pkg(web-desktop) in web-desktop platform success!
[Build-plugin] register pkg web-desktop: 1ms
[Package] web-mobile@1.0.1 enable
[Build] internalRegister pkg(web-mobile) in web-mobile platform success!
[Build-plugin] register pkg web-mobile: 2ms
[Package] wechatgame@1.0.4 enable
[Build] internalRegister pkg(wechatgame) in wechatgame platform success!
[Build-plugin] register pkg wechatgame: 2ms
[Package] wechatprogram@1.0.2 enable
平台 wechatprogram 不存在，无法添加该平台
init builder manager success
[Package] windows@1.0.1 enable
[Build-plugin] register pkg windows: 2ms
[Package] xiaomi-quick-game@1.0.2 enable
[Build] internalRegister pkg(xiaomi-quick-game) in xiaomi-quick-game platform success!
[Build-plugin] register pkg xiaomi-quick-game: 2ms
[Package] cocos-service@3.0.9 enable
[Build] internalRegister pkg(cocos-service) in android platform success!
[Build] internalRegister pkg(cocos-service) in google-play platform success!
[Build] internalRegister pkg(cocos-service) in ohos platform success!
[Build] internalRegister pkg(cocos-service) in harmonyos-next platform success!
[Build] internalRegister pkg(cocos-service) in huawei-agc platform success!
[Build] internalRegister pkg(cocos-service) in ios platform success!
[Build] internalRegister pkg(cocos-service) in windows platform success!
[Build] internalRegister pkg(cocos-service) in mac platform success!
[Build] internalRegister pkg(cocos-service) in linux platform success!
[Build] internalRegister pkg(cocos-service) in alipay-mini-game platform success!
[Build] internalRegister pkg(cocos-service) in taobao-creative-app platform success!
[Build] internalRegister pkg(cocos-service) in taobao-mini-game platform success!
[Build] internalRegister pkg(cocos-service) in bytedance-mini-game platform success!
[Build] internalRegister pkg(cocos-service) in oppo-mini-game platform success!
[Build] internalRegister pkg(cocos-service) in huawei-quick-game platform success!
[Build] internalRegister pkg(cocos-service) in migu-mini-game platform success!
[Build] internalRegister pkg(cocos-service) in honor-mini-game platform success!
[Build] internalRegister pkg(cocos-service) in vivo-mini-game platform success!
[Build] internalRegister pkg(cocos-service) in xiaomi-quick-game platform success!
[Build] internalRegister pkg(cocos-service) in baidu-mini-game platform success!
[Build] internalRegister pkg(cocos-service) in wechatgame platform success!
[Build] internalRegister pkg(cocos-service) in wechatprogram platform success!
[Build] internalRegister pkg(cocos-service) in link-sure platform success!
[Build] internalRegister pkg(cocos-service) in qtt platform success!
[Build] internalRegister pkg(cocos-service) in fb-instant-games platform success!
[Build] internalRegister pkg(cocos-service) in web-desktop platform success!
[Build] internalRegister pkg(cocos-service) in web-mobile platform success!
[Build] internalRegister pkg(cocos-service) in cocos-runtime platform success!
[Build] internalRegister pkg(cocos-service) in platform-example platform success!
[Build] internalRegister pkg(cocos-service) in online platform success!
[Build] internalRegister pkg(cocos-service) in xr-meta platform success!
[Build] internalRegister pkg(cocos-service) in xr-huaweivr platform success!
[Build] internalRegister pkg(cocos-service) in xr-pico platform success!
[Build] internalRegister pkg(cocos-service) in xr-rokid platform success!
[Build] internalRegister pkg(cocos-service) in xr-monado platform success!
[Build] internalRegister pkg(cocos-service) in xr-spaces platform success!
[Build] internalRegister pkg(cocos-service) in xr-seed platform success!
[Build] internalRegister pkg(cocos-service) in ar-android platform success!
[Build] internalRegister pkg(cocos-service) in ar-ios platform success!
[Build] internalRegister pkg(cocos-service) in xr-gsxr platform success!
[Build] internalRegister pkg(cocos-service) in xr-yvr platform success!
[Build] internalRegister pkg(cocos-service) in xr-htc platform success!
[Build] internalRegister pkg(cocos-service) in xr-iqiyi platform success!
[Build] internalRegister pkg(cocos-service) in xr-skyworth platform success!
[Build] internalRegister pkg(cocos-service) in xr-ffalcon platform success!
[Build] internalRegister pkg(cocos-service) in xr-nreal platform success!
[Build] internalRegister pkg(cocos-service) in xr-inmo platform success!
[Build] internalRegister pkg(cocos-service) in xr-lenovo platform success!
[Build] internalRegister pkg(cocos-service) in android-hmi platform success!
[Build-plugin] register pkg cocos-service: 3ms
[Package] im-plugin@3.0.14 enable
[Package] placeholder@1.0.0 enable
Start enter command build with options {"platform":"web-mobile","debug":"true"}
[[Facet.reload]], before lock, count: 1
[[Facet.reload]], after lock, count: 1
[[Facet.reload]], before unlock, count: 1
[[Facet.reload]], after unlock, count: 1
auto refresh because script compiled or scene changed
trackTimeEnd failed! Can not find the track time asset-db:worker-startup-database[internal] start
trackTimeEnd failed! Can not find the track time asset-db:worker-startup-database[assets] start
asset-db is ready!
Check and complete build options {
  platform: 'web-mobile',
  debug: 'true',
  outputName: 'web-mobile',
  taskName: 'web-mobile',
  buildMode: 'normal'
}
构建参数 mainBundleCompressionType (merge_dep) 校验失败,  compression type(undefined) is invalid for this platform!, 将会使用默认值 "merge_dep"
start preview settings manager
构建参数 debug ("true") 校验失败, typeof debug should be boolean but get true, 将会使用默认值 true
2026-9-14 19:06:13 - debug: =================================== build Task (web-mobile) Start ================================

2026-9-14 19:06:13 - debug: Start build task, options:{"platform":"web-mobile","debug":true,"outputName":"web-mobile","taskName":"web-mobile","buildMode":"normal","mainBundleCompressionType":"merge_dep","packages":{"adsense-h5g-plugin":{"enableAdsense":false,"enableTestAd":false},"web-mobile":{"useWebGPU":false,"orientation":"auto","embedWebDebugger":false}},"name":"WxStack","server":"","engineModulesConfigKey":"defaultConfig","buildPath":"project://build","mangleProperties":false,"md5Cache":false,"skipCompressTexture":false,"sourceMaps":false,"overwriteProjectSettings":{"includeModules":{"gfx-webgl2":"on","physics":"inherit-project-setting","physics-2d":"inherit-project-setting"},"macroConfig":{"cleanupImageCache":"inherit-project-setting"}},"nativeCodeBundleMode":"both","polyfills":{"asyncFunctions":true},"experimentalEraseModules":false,"startSceneAssetBundle":false,"bundleConfigs":[],"inlineEnum":true,"useBuiltinServer":false,"md5CacheOptions":{"excludes":[],"includes":[],"replaceOnly":[],"handleTemplateMd5Link":true},"mainBundleIsRemote":false,"useSplashScreen":true,"bundleCommonChunk":false,"packAutoAtlas":true,"startScene":"02af843e-b32b-4dfc-8ac6-f5846151a858","scenes":[{"url":"db://assets/scenes/Stack.scene","uuid":"02af843e-b32b-4dfc-8ac6-f5846151a858"}],"wasmCompressionMode":false,"binGroupConfig":{"threshold":16,"enable":false},"logDest":"project://temp/builder/log/web-mobile9-14-2026 19-06.log"}

2026-9-14 19:06:13 - debug: Build with Cocos Creator 3.8.8

[[Facet.reload]], before lock, count: 2
[[Facet.reload]], after lock, count: 2
[[Facet.reload]], before unlock, count: 2
[[Facet.reload]], after unlock, count: 2
2026-9-14 19:06:13 - debug: cocos-service:(onBeforeBuild) start..., progress: 0%

2026-9-14 19:06:13 - debug: // ---- build task cocos-service：onBeforeBuild ----

2026-9-14 19:06:13 - debug: // ---- build task cocos-service：onBeforeBuild ---- (2ms)

2026-9-14 19:06:13 - debug: cocos-service:(onBeforeBuild) in 2 ms ✓, progress: 2%

2026-9-14 19:06:13 - debug: scene:(onBeforeBuild) start..., progress: 2%

2026-9-14 19:06:13 - debug: // ---- build task scene：onBeforeBuild ----

2026-9-14 19:06:13 - debug: // ---- build task scene：onBeforeBuild ---- (1ms)

2026-9-14 19:06:13 - debug: scene:(onBeforeBuild) in 1 ms ✓, progress: 4%

2026-9-14 19:06:13 - debug: Start lock asset db..., progress: 4%

2026-9-14 19:06:13 - log: Asset DB is paused with build!

2026-9-14 19:06:13 - debug: Query all assets info in project

2026-9-14 19:06:13 - debug: init custom config: keepNodeUuid: false, useCache: true

2026-9-14 19:06:13 - debug: web-mobile:(onAfterInit) start..., progress: 4%

2026-9-14 19:06:13 - debug: // ---- build task web-mobile：onAfterInit ----

2026-9-14 19:06:13 - debug: // ---- build task web-mobile：onAfterInit ---- (1ms)

2026-9-14 19:06:13 - debug: web-mobile:(onAfterInit) in 1 ms ✓, progress: 5%

2026-9-14 19:06:13 - debug: cocos-service:(onAfterInit) start..., progress: 5%

2026-9-14 19:06:13 - debug: // ---- build task cocos-service：onAfterInit ----

2026-9-14 19:06:13 - debug: // ---- build task cocos-service：onAfterInit ---- (2ms)

2026-9-14 19:06:13 - debug: cocos-service:(onAfterInit) in 2 ms ✓, progress: 7%

2026-9-14 19:06:13 - debug: Skip compress image, progress: 0%

2026-9-14 19:06:13 - debug: adsense-h5g-plugin:(onBeforeBundleInit) start..., progress: 7%

2026-9-14 19:06:13 - debug: adsense-h5g-plugin:(onBeforeBundleInit) start..., progress: 0%

2026-9-14 19:06:13 - debug: // ---- build task adsense-h5g-plugin：onBeforeBundleInit ----

2026-9-14 19:06:13 - debug: [adsense-h5g-plugin] remove script success

2026-9-14 19:06:13 - debug: // ---- build task adsense-h5g-plugin：onBeforeBundleInit ---- (2ms)

2026-9-14 19:06:13 - debug(2): adsense-h5g-plugin:(onBeforeBundleInit) in 2 ms ✓, progress: 7%

2026-9-14 19:06:13 - debug(2): Init all bundles start..., progress: 7%

2026-9-14 19:06:13 - debug(2): Num of bundles: 3..., progress: 7%

2026-9-14 19:06:13 - debug(2): web-mobile:(onAfterBundleInit) start..., progress: 7%

2026-9-14 19:06:13 - debug: // ---- build task web-mobile：onAfterBundleInit ----

2026-9-14 19:06:13 - debug: // ---- build task web-mobile：onAfterBundleInit ---- (1ms)

2026-9-14 19:06:13 - debug: web-mobile:(onAfterBundleInit) in 1 ms ✓, progress: 7%

2026-9-14 19:06:13 - debug: web-mobile:(onAfterBundleInit) in 1 ms ✓, progress: 13%

2026-9-14 19:06:13 - debug: 查询 Asset Bundle start, progress: 7%

2026-9-14 19:06:13 - debug: // ---- build task 查询 Asset Bundle ----

2026-9-14 19:06:13 - debug: Init bundle root assets start..., progress: 7%

2026-9-14 19:06:13 - debug: Init bundle root assets start..., progress: 13%

2026-9-14 19:06:13 - debug: Query preload assets/scripts from cc.config.json: 60f7195c-ec2a-45eb-ba94-8955f60e81d0,1c02ae6f-4492-4915-b8f8-7492a3b1e4cd,810e96e4-e456-4468-9b59-f4e8f39732c0,efe8e2a3-eace-427b-b4f1-cb8a937ec77d,e9aa9a3e-5b2b-4ac7-a2c7-073de2b2b24f,8bbdbcdd-5cd4-4100-b6d5-b7c9625b6107,50f4348b-c883-4e2f-8f11-ce233b859fa1,fda095cb-831d-4601-ad94-846013963de8,f92806d7-1768-443f-afe8-12bcde84d0f0,dd3a144d-ab7f-41f0-82b8-2e43a090d496,f0416e68-0200-4b77-a926-4f9d16e494da,511d2633-09a7-4bdd-ac42-f778032124b3,5d45aa00-e064-4938-b314-4265f0c2258c,9361fd90-ba52-4f84-aa93-6e878fd576ca,970b0598-bcb0-4714-91fb-2e81440dccd8,bcd64cc6-2dd9-43f6-abbe-66318d332032,d930590d-bb92-4cc8-8bd1-23cd027f9edf,a3cd009f-0ab0-420d-9278-b9fdab939bbc,6a2d0734-bd9e-4ddf-946e-caa52498cb75,ba21476f-2866-4f81-9c4d-6e359316e448,871c3b6c-7379-419d-bda3-794b239ab90d,ff9b0199-ce04-4cfe-86cc-6c719f08d6e4,de1c2107-70c8-4021-8459-6399f24d01c6,cbf30902-517f-40dc-af90-a550bac27cf1,5c601d96-e4c7-4698-991b-7ee674b11079

2026-9-14 19:06:13 - debug:   Number of all scenes: 1

2026-9-14 19:06:13 - debug:   Number of all scripts: 14

2026-9-14 19:06:13 - debug:   Number of other assets: 392

2026-9-14 19:06:13 - debug: Init bundle root assets success..., progress: 7%

2026-9-14 19:06:13 - debug: Init bundle root assets success..., progress: 13%

2026-9-14 19:06:13 - debug: reload all scripts.

2026-9-14 19:06:13 - log: creating executor ...

2026-9-14 19:06:13 - debug: [[Executor]] reload before lock

auto refresh because script compiled or scene changed
2026-9-14 19:06:13 - debug: Set detail map pack:///resolution-detail-map.json: {}

2026-9-14 19:06:13 - groupCollapsed: Invalidate all modules

2026-9-14 19:06:13 - debug: /private/tmp/wxstack-ui-baseline-project/temp/programming/packer-driver/targets/editor/chunks/93/93ba276ea7b26ffcdc433fab14afc1ed6f05647b.js resolved to /private/tmp/wxstack-ui-baseline-project/temp/programming/packer-driver/targets/editor/chunks/93/93ba276ea7b26ffcdc433fab14afc1ed6f05647b.js is not in module cache!

2026-9-14 19:06:13 - debug: [[Executor]] Module "cce:/internal/x/cc-fu/base" loaded.

2026-9-14 19:06:13 - debug: [[Executor]] Module "cce:/internal/x/cc-fu/gfx-webgl" loaded.

2026-9-14 19:06:13 - debug: [[Executor]] Module "cce:/internal/x/cc-fu/gfx-webgl2" loaded.

2026-9-14 19:06:13 - debug: [[Executor]] Module "cce:/internal/x/cc-fu/gfx-empty" loaded.

2026-9-14 19:06:13 - debug: [[Executor]] Module "cce:/internal/x/cc-fu/gfx-webgpu" loaded.

2026-9-14 19:06:13 - debug: [[Executor]] Module "cce:/internal/x/cc-fu/3d" loaded.

2026-9-14 19:06:13 - debug: [[Executor]] Module "cce:/internal/x/cc-fu/animation" loaded.

2026-9-14 19:06:13 - debug: [[Executor]] Module "cce:/internal/x/cc-fu/skeletal-animation" loaded.

2026-9-14 19:06:13 - debug: [[Executor]] Module "cce:/internal/x/cc-fu/2d" loaded.

2026-9-14 19:06:13 - debug: [[Executor]] Module "cce:/internal/x/cc-fu/sorting" loaded.

2026-9-14 19:06:13 - debug: [[Executor]] Module "cce:/internal/x/cc-fu/rich-text" loaded.

2026-9-14 19:06:13 - debug: [[Executor]] Module "cce:/internal/x/cc-fu/mask" loaded.

2026-9-14 19:06:13 - debug: [[Executor]] Module "cce:/internal/x/cc-fu/graphics" loaded.

2026-9-14 19:06:13 - debug: [[Executor]] Module "cce:/internal/x/cc-fu/ui-skew" loaded.

2026-9-14 19:06:13 - debug: [[Executor]] Module "cce:/internal/x/cc-fu/ui" loaded.

2026-9-14 19:06:13 - debug: [[Executor]] Module "cce:/internal/x/cc-fu/affine-transform" loaded.

2026-9-14 19:06:13 - debug: [[Executor]] Module "cce:/internal/x/cc-fu/sorting-2d" loaded.

2026-9-14 19:06:13 - debug: [[Executor]] Module "cce:/internal/x/cc-fu/particle" loaded.

2026-9-14 19:06:13 - debug: [[Executor]] Module "cce:/internal/x/cc-fu/particle-2d" loaded.

2026-9-14 19:06:13 - debug: [[Executor]] Module "cce:/internal/x/cc-fu/physics-framework" loaded.

2026-9-14 19:06:13 - debug: [[Executor]] Module "cce:/internal/x/cc-fu/physics-cannon" loaded.

2026-9-14 19:06:13 - debug: [[Executor]] Module "cce:/internal/x/cc-fu/physics-physx" loaded.

2026-9-14 19:06:13 - debug: [[Executor]] Module "cce:/internal/x/cc-fu/physics-ammo" loaded.

2026-9-14 19:06:13 - debug: [[Executor]] Module "cce:/internal/x/cc-fu/physics-builtin" loaded.

2026-9-14 19:06:13 - debug: [[Executor]] Module "cce:/internal/x/cc-fu/physics-2d-framework" loaded.

2026-9-14 19:06:13 - debug: [[Executor]] Module "cce:/internal/x/cc-fu/physics-2d-box2d-jsb" loaded.

2026-9-14 19:06:13 - debug: [[Executor]] Module "cce:/internal/x/cc-fu/physics-2d-box2d" loaded.

2026-9-14 19:06:13 - debug: [[Executor]] Module "cce:/internal/x/cc-fu/physics-2d-builtin" loaded.

2026-9-14 19:06:13 - debug: [[Executor]] Module "cce:/internal/x/cc-fu/physics-2d-box2d-wasm" loaded.

2026-9-14 19:06:13 - debug: [[Executor]] Module "cce:/internal/x/cc-fu/intersection-2d" loaded.

2026-9-14 19:06:13 - debug: [[Executor]] Module "cce:/internal/x/cc-fu/primitive" loaded.

2026-9-14 19:06:13 - debug: [[Executor]] Module "cce:/internal/x/cc-fu/profiler" loaded.

2026-9-14 19:06:13 - debug: [[Executor]] Module "cce:/internal/x/cc-fu/geometry-renderer" loaded.

2026-9-14 19:06:13 - debug: [[Executor]] Module "cce:/internal/x/cc-fu/audio" loaded.

2026-9-14 19:06:13 - debug: [[Executor]] Module "cce:/internal/x/cc-fu/video" loaded.

2026-9-14 19:06:13 - debug: [[Executor]] Module "cce:/internal/x/cc-fu/xr" loaded.

2026-9-14 19:06:13 - debug: [[Executor]] Module "cce:/internal/x/cc-fu/light-probe" loaded.

2026-9-14 19:06:13 - debug: [[Executor]] Module "cce:/internal/x/cc-fu/terrain" loaded.

2026-9-14 19:06:13 - debug: [[Executor]] Module "cce:/internal/x/cc-fu/webview" loaded.

2026-9-14 19:06:13 - debug: [[Executor]] Module "cce:/internal/x/cc-fu/tween" loaded.

2026-9-14 19:06:13 - debug: [[Executor]] Module "cce:/internal/x/cc-fu/tiled-map" loaded.

2026-9-14 19:06:13 - debug: [[Executor]] Module "cce:/internal/x/cc-fu/vendor-google" loaded.

2026-9-14 19:06:13 - debug: [[Executor]] Module "cce:/internal/x/cc-fu/spine" loaded.

2026-9-14 19:06:13 - debug: [[Executor]] Module "cce:/internal/x/cc-fu/dragon-bones" loaded.

2026-9-14 19:06:13 - debug: [[Executor]] Module "cce:/internal/x/cc-fu/custom-pipeline" loaded.

2026-9-14 19:06:13 - debug: [[Executor]] Module "cce:/internal/x/cc-fu/custom-pipeline-post-process" loaded.

2026-9-14 19:06:13 - debug: [[Executor]] Module "cce:/internal/x/cc-fu/legacy-pipeline" loaded.

2026-9-14 19:06:13 - debug: [[Executor]] Module "cce:/internal/x/cc-fu/base" loaded.

2026-9-14 19:06:13 - debug: [[Executor]] Module "cce:/internal/x/cc-fu/gfx-webgl" loaded.

2026-9-14 19:06:13 - debug: [[Executor]] Module "cce:/internal/x/cc-fu/gfx-webgl2" loaded.

2026-9-14 19:06:13 - debug: [[Executor]] Module "cce:/internal/x/cc-fu/gfx-empty" loaded.

2026-9-14 19:06:13 - debug: [[Executor]] Module "cce:/internal/x/cc-fu/gfx-webgpu" loaded.

2026-9-14 19:06:13 - debug: [[Executor]] Module "cce:/internal/x/cc-fu/3d" loaded.

2026-9-14 19:06:13 - debug: [[Executor]] Module "cce:/internal/x/cc-fu/animation" loaded.

2026-9-14 19:06:13 - debug: [[Executor]] Module "cce:/internal/x/cc-fu/skeletal-animation" loaded.

2026-9-14 19:06:13 - debug: [[Executor]] Module "cce:/internal/x/cc-fu/2d" loaded.

2026-9-14 19:06:13 - debug: [[Executor]] Module "cce:/internal/x/cc-fu/sorting" loaded.

2026-9-14 19:06:13 - debug: [[Executor]] Module "cce:/internal/x/cc-fu/rich-text" loaded.

2026-9-14 19:06:13 - debug: [[Executor]] Module "cce:/internal/x/cc-fu/mask" loaded.

2026-9-14 19:06:13 - debug: [[Executor]] Module "cce:/internal/x/cc-fu/graphics" loaded.

2026-9-14 19:06:13 - debug: [[Executor]] Module "cce:/internal/x/cc-fu/ui-skew" loaded.

2026-9-14 19:06:13 - debug: [[Executor]] Module "cce:/internal/x/cc-fu/ui" loaded.

2026-9-14 19:06:13 - debug: [[Executor]] Module "cce:/internal/x/cc-fu/affine-transform" loaded.

2026-9-14 19:06:13 - debug: [[Executor]] Module "cce:/internal/x/cc-fu/sorting-2d" loaded.

2026-9-14 19:06:13 - debug: [[Executor]] Module "cce:/internal/x/cc-fu/particle" loaded.

2026-9-14 19:06:13 - debug: [[Executor]] Module "cce:/internal/x/cc-fu/particle-2d" loaded.

2026-9-14 19:06:13 - debug: [[Executor]] Module "cce:/internal/x/cc-fu/physics-framework" loaded.

2026-9-14 19:06:13 - debug: [[Executor]] Module "cce:/internal/x/cc-fu/physics-cannon" loaded.

2026-9-14 19:06:13 - debug: [[Executor]] Module "cce:/internal/x/cc-fu/physics-physx" loaded.

2026-9-14 19:06:13 - debug: [[Executor]] Module "cce:/internal/x/cc-fu/physics-ammo" loaded.

2026-9-14 19:06:13 - debug: [[Executor]] Module "cce:/internal/x/cc-fu/physics-builtin" loaded.

2026-9-14 19:06:13 - debug: [[Executor]] Module "cce:/internal/x/cc-fu/physics-2d-framework" loaded.

2026-9-14 19:06:13 - debug: [[Executor]] Module "cce:/internal/x/cc-fu/physics-2d-box2d" loaded.

2026-9-14 19:06:13 - debug: [[Executor]] Module "cce:/internal/x/cc-fu/physics-2d-builtin" loaded.

2026-9-14 19:06:13 - debug: [[Executor]] Module "cce:/internal/x/cc-fu/physics-2d-box2d-wasm" loaded.

2026-9-14 19:06:13 - debug: [[Executor]] Module "cce:/internal/x/cc-fu/intersection-2d" loaded.

2026-9-14 19:06:13 - debug: [[Executor]] Module "cce:/internal/x/cc-fu/primitive" loaded.

2026-9-14 19:06:13 - debug: [[Executor]] Module "cce:/internal/x/cc-fu/profiler" loaded.

2026-9-14 19:06:13 - debug: [[Executor]] Module "cce:/internal/x/cc-fu/geometry-renderer" loaded.

2026-9-14 19:06:13 - debug: [[Executor]] Module "cce:/internal/x/cc-fu/audio" loaded.

2026-9-14 19:06:13 - debug: [[Executor]] Module "cce:/internal/x/cc-fu/video" loaded.

2026-9-14 19:06:13 - debug: [[Executor]] Module "cce:/internal/x/cc-fu/xr" loaded.

2026-9-14 19:06:13 - debug: [[Executor]] Module "cce:/internal/x/cc-fu/light-probe" loaded.

2026-9-14 19:06:13 - debug: [[Executor]] Module "cce:/internal/x/cc-fu/terrain" loaded.

2026-9-14 19:06:13 - debug: [[Executor]] Module "cce:/internal/x/cc-fu/webview" loaded.

2026-9-14 19:06:13 - debug: [[Executor]] Module "cce:/internal/x/cc-fu/tween" loaded.

2026-9-14 19:06:13 - debug: [[Executor]] Module "cce:/internal/x/cc-fu/tiled-map" loaded.

2026-9-14 19:06:13 - debug: [[Executor]] Module "cce:/internal/x/cc-fu/spine" loaded.

2026-9-14 19:06:13 - debug: [[Executor]] Module "cce:/internal/x/cc-fu/dragon-bones" loaded.

2026-9-14 19:06:13 - debug: [[Executor]] Module "cce:/internal/x/cc-fu/custom-pipeline" loaded.

2026-9-14 19:06:13 - debug: [[Executor]] Module "cce:/internal/x/cc-fu/custom-pipeline-post-process" loaded.

2026-9-14 19:06:13 - debug: [[Executor]] Module "cce:/internal/x/cc-fu/legacy-pipeline" loaded.

2026-9-14 19:06:13 - debug: [[Executor]] Module "cce:/internal/x/cc-fu/vendor-google" loaded.

2026-9-14 19:06:13 - debug: [[Executor]] Module "cce:/internal/x/cc-fu/physics-2d-box2d-jsb" loaded.

2026-9-14 19:06:13 - debug: [[Executor]] Module "pack:///chunks/93/93ba276ea7b26ffcdc433fab14afc1ed6f05647b.js" loaded.

2026-9-14 19:06:13 - debug: Invalidating 'pack:///chunks/93/93ba276ea7b26ffcdc433fab14afc1ed6f05647b.js'

2026-9-14 19:06:13 - groupEnd: Invalidate all modules

2026-9-14 19:06:13 - groupCollapsed: Imports all modules

2026-9-14 19:06:13 - debug: [[Executor]] Module "pack:///chunks/93/93ba276ea7b26ffcdc433fab14afc1ed6f05647b.js" loaded.

2026-9-14 19:06:13 - debug: /private/tmp/wxstack-ui-baseline-project/temp/programming/packer-driver/targets/editor/chunks/6d/6d8fd2b0177941b032ddc0733af48a561fb60657.js resolved to /private/tmp/wxstack-ui-baseline-project/temp/programming/packer-driver/targets/editor/chunks/6d/6d8fd2b0177941b032ddc0733af48a561fb60657.js is not in module cache!

2026-9-14 19:06:13 - debug: [[Executor]] Module "pack:///chunks/6d/6d8fd2b0177941b032ddc0733af48a561fb60657.js" loaded.

2026-9-14 19:06:13 - debug: /private/tmp/wxstack-ui-baseline-project/temp/programming/packer-driver/targets/editor/chunks/3a/3af2b99d9d250d0c94e80c615712be1d07b4cf47.js resolved to /private/tmp/wxstack-ui-baseline-project/temp/programming/packer-driver/targets/editor/chunks/3a/3af2b99d9d250d0c94e80c615712be1d07b4cf47.js is not in module cache!

2026-9-14 19:06:13 - debug: /private/tmp/wxstack-ui-baseline-project/temp/programming/packer-driver/targets/editor/chunks/6a/6a5019a719a9014c047e67aa1cf34453ab8392ce.js resolved to /private/tmp/wxstack-ui-baseline-project/temp/programming/packer-driver/targets/editor/chunks/6a/6a5019a719a9014c047e67aa1cf34453ab8392ce.js is not in module cache!

2026-9-14 19:06:13 - debug: /private/tmp/wxstack-ui-baseline-project/temp/programming/packer-driver/targets/editor/chunks/87/87c4b5d58115ee6102b02680ea6b39d34083b342.js resolved to /private/tmp/wxstack-ui-baseline-project/temp/programming/packer-driver/targets/editor/chunks/87/87c4b5d58115ee6102b02680ea6b39d34083b342.js is not in module cache!

2026-9-14 19:06:13 - debug: /private/tmp/wxstack-ui-baseline-project/temp/programming/packer-driver/targets/editor/chunks/4f/4fd3d121a4e148a0cab634e8b8fe61cad0fda6b5.js resolved to /private/tmp/wxstack-ui-baseline-project/temp/programming/packer-driver/targets/editor/chunks/4f/4fd3d121a4e148a0cab634e8b8fe61cad0fda6b5.js is not in module cache!

2026-9-14 19:06:13 - debug: /private/tmp/wxstack-ui-baseline-project/temp/programming/packer-driver/targets/editor/chunks/86/86b8638a66ab4c727e439f4d8cdd7595bd7cb611.js resolved to /private/tmp/wxstack-ui-baseline-project/temp/programming/packer-driver/targets/editor/chunks/86/86b8638a66ab4c727e439f4d8cdd7595bd7cb611.js is not in module cache!

2026-9-14 19:06:13 - debug: /private/tmp/wxstack-ui-baseline-project/temp/programming/packer-driver/targets/editor/chunks/13/13619a4d60fbb6416edf8ba7ec0b195f2fcda55a.js resolved to /private/tmp/wxstack-ui-baseline-project/temp/programming/packer-driver/targets/editor/chunks/13/13619a4d60fbb6416edf8ba7ec0b195f2fcda55a.js is not in module cache!

2026-9-14 19:06:13 - debug: [[Executor]] Module "pack:///chunks/6a/6a5019a719a9014c047e67aa1cf34453ab8392ce.js" loaded.

2026-9-14 19:06:13 - debug: [[Executor]] Module "cce:/internal/x/engine-export-to-editor/cc/editor/populate-internal-constants" loaded.

2026-9-14 19:06:13 - debug: [[Executor]] Module "pack:///chunks/13/13619a4d60fbb6416edf8ba7ec0b195f2fcda55a.js" loaded.

2026-9-14 19:06:13 - debug: [[Executor]] Module "cce:/internal/x/engine-export-to-editor/cc/editor/populate-internal-constants" loaded.

2026-9-14 19:06:13 - debug: [[Executor]] Register BuiltinPipelineSettings

2026-9-14 19:06:13 - debug: [[Executor]] Module "pack:///chunks/87/87c4b5d58115ee6102b02680ea6b39d34083b342.js" loaded.

2026-9-14 19:06:13 - debug: [[Executor]] Module "pack:///chunks/86/86b8638a66ab4c727e439f4d8cdd7595bd7cb611.js" loaded.

2026-9-14 19:06:13 - debug: [[Executor]] Register BuiltinPipelinePassBuilder

2026-9-14 19:06:13 - debug: [[Executor]] Module "pack:///chunks/4f/4fd3d121a4e148a0cab634e8b8fe61cad0fda6b5.js" loaded.

2026-9-14 19:06:13 - debug: [[Executor]] Register BuiltinDepthOfFieldPass

2026-9-14 19:06:13 - debug: [[Executor]] Module "pack:///chunks/3a/3af2b99d9d250d0c94e80c615712be1d07b4cf47.js" loaded.

2026-9-14 19:06:13 - debug: /private/tmp/wxstack-ui-baseline-project/temp/programming/packer-driver/targets/editor/chunks/9c/9c8e4ae02cd522e18faba9e72e8803c8bdb97382.js resolved to /private/tmp/wxstack-ui-baseline-project/temp/programming/packer-driver/targets/editor/chunks/9c/9c8e4ae02cd522e18faba9e72e8803c8bdb97382.js is not in module cache!

2026-9-14 19:06:13 - debug: [[Executor]] Register DebugViewRuntimeControl

2026-9-14 19:06:13 - debug: [[Executor]] Module "pack:///chunks/9c/9c8e4ae02cd522e18faba9e72e8803c8bdb97382.js" loaded.

2026-9-14 19:06:13 - debug: /private/tmp/wxstack-ui-baseline-project/temp/programming/packer-driver/targets/editor/chunks/c3/c352762f4161c255a5b2936d2cd2ffbb64c8253c.js resolved to /private/tmp/wxstack-ui-baseline-project/temp/programming/packer-driver/targets/editor/chunks/c3/c352762f4161c255a5b2936d2cd2ffbb64c8253c.js is not in module cache!

2026-9-14 19:06:13 - debug: [[Executor]] Module "pack:///chunks/c3/c352762f4161c255a5b2936d2cd2ffbb64c8253c.js" loaded.

2026-9-14 19:06:13 - debug: /private/tmp/wxstack-ui-baseline-project/temp/programming/packer-driver/targets/editor/chunks/ea/eac0451903746dbcd2a5a8970f67fc2288fc018c.js resolved to /private/tmp/wxstack-ui-baseline-project/temp/programming/packer-driver/targets/editor/chunks/ea/eac0451903746dbcd2a5a8970f67fc2288fc018c.js is not in module cache!

2026-9-14 19:06:13 - debug: [[Executor]] Module "pack:///chunks/ea/eac0451903746dbcd2a5a8970f67fc2288fc018c.js" loaded.

2026-9-14 19:06:13 - debug: /private/tmp/wxstack-ui-baseline-project/temp/programming/packer-driver/targets/editor/chunks/5d/5d27cd2d87e515e44d07ef4ac89a286efe79ef8b.js resolved to /private/tmp/wxstack-ui-baseline-project/temp/programming/packer-driver/targets/editor/chunks/5d/5d27cd2d87e515e44d07ef4ac89a286efe79ef8b.js is not in module cache!

2026-9-14 19:06:13 - debug: [[Executor]] Module "pack:///chunks/5d/5d27cd2d87e515e44d07ef4ac89a286efe79ef8b.js" loaded.

2026-9-14 19:06:13 - debug: /private/tmp/wxstack-ui-baseline-project/temp/programming/packer-driver/targets/editor/chunks/a1/a18d48768fbccbf3d6139f22f0d999df88a69716.js resolved to /private/tmp/wxstack-ui-baseline-project/temp/programming/packer-driver/targets/editor/chunks/a1/a18d48768fbccbf3d6139f22f0d999df88a69716.js is not in module cache!

2026-9-14 19:06:13 - debug: [[Executor]] Module "pack:///chunks/a1/a18d48768fbccbf3d6139f22f0d999df88a69716.js" loaded.

2026-9-14 19:06:13 - debug: /private/tmp/wxstack-ui-baseline-project/temp/programming/packer-driver/targets/editor/chunks/7a/7a320ff6bc705b5a7c785105e5eecc94fbc6be71.js resolved to /private/tmp/wxstack-ui-baseline-project/temp/programming/packer-driver/targets/editor/chunks/7a/7a320ff6bc705b5a7c785105e5eecc94fbc6be71.js is not in module cache!

2026-9-14 19:06:13 - debug: [[Executor]] Module "pack:///chunks/7a/7a320ff6bc705b5a7c785105e5eecc94fbc6be71.js" loaded.

2026-9-14 19:06:13 - debug: /private/tmp/wxstack-ui-baseline-project/temp/programming/packer-driver/targets/editor/chunks/33/33446391207189006a7e5eee0696b709c3899de4.js resolved to /private/tmp/wxstack-ui-baseline-project/temp/programming/packer-driver/targets/editor/chunks/33/33446391207189006a7e5eee0696b709c3899de4.js is not in module cache!

2026-9-14 19:06:13 - debug: /private/tmp/wxstack-ui-baseline-project/temp/programming/packer-driver/targets/editor/chunks/d3/d307ac1abfcedc7f30c2201c5e1af77d1a021950.js resolved to /private/tmp/wxstack-ui-baseline-project/temp/programming/packer-driver/targets/editor/chunks/d3/d307ac1abfcedc7f30c2201c5e1af77d1a021950.js is not in module cache!

2026-9-14 19:06:13 - debug: /private/tmp/wxstack-ui-baseline-project/temp/programming/packer-driver/targets/editor/chunks/78/78d7c6fb476b727c07fbcf082fe754d3de313d21.js resolved to /private/tmp/wxstack-ui-baseline-project/temp/programming/packer-driver/targets/editor/chunks/78/78d7c6fb476b727c07fbcf082fe754d3de313d21.js is not in module cache!

2026-9-14 19:06:13 - debug: [[Executor]] Module "pack:///chunks/78/78d7c6fb476b727c07fbcf082fe754d3de313d21.js" loaded.

2026-9-14 19:06:13 - debug: [[Executor]] Module "pack:///chunks/d3/d307ac1abfcedc7f30c2201c5e1af77d1a021950.js" loaded.

2026-9-14 19:06:13 - debug: [[Executor]] Register StackGame

2026-9-14 19:06:13 - debug: [[Executor]] Module "pack:///chunks/33/33446391207189006a7e5eee0696b709c3899de4.js" loaded.

2026-9-14 19:06:13 - debug: [[Executor]] Module "pack:///chunks/6d/6d8fd2b0177941b032ddc0733af48a561fb60657.js" loaded.

2026-9-14 19:06:13 - groupEnd: Imports all modules

2026-9-14 19:06:13 - debug: [[Executor]] after unlock

2026-9-14 19:06:13 - debug: Incremental keys: regeneratorRuntime,b2jsb

2026-9-14 19:06:13 - debug: Init bundle share assets start..., progress: 7%

2026-9-14 19:06:13 - debug: Init bundle share assets start..., progress: 13%

2026-9-14 19:06:13 - debug: Init bundle share assets success..., progress: 7%

2026-9-14 19:06:13 - debug: Init bundle share assets success..., progress: 13%

2026-9-14 19:06:13 - debug: handle json group in bundle internal

2026-9-14 19:06:13 - debug: handle json group in bundle internal success

2026-9-14 19:06:13 - debug: handle json group in bundle resources

2026-9-14 19:06:13 - debug: handle json group in bundle main

2026-9-14 19:06:13 - debug: init image compress task 0 in bundle internal

2026-9-14 19:06:13 - debug: handle json group in bundle main success

2026-9-14 19:06:13 - debug: init image compress task 0 in bundle main

2026-9-14 19:06:13 - debug: handle json group in bundle resources success

2026-9-14 19:06:13 - debug: init image compress task 0 in bundle resources

2026-9-14 19:06:13 - debug: // ---- build task 查询 Asset Bundle ---- (58ms)

2026-9-14 19:06:13 - log: run build task 查询 Asset Bundle success in 58 ms√, progress: 12%

2026-9-14 19:06:13 - debug: [Build Memory track]: 查询 Asset Bundle start:235.39MB, end 238.97MB, increase: 3.58MB

2026-9-14 19:06:13 - debug: 查询 Asset Bundle start, progress: 12%

2026-9-14 19:06:13 - debug: // ---- build task 查询 Asset Bundle ----

2026-9-14 19:06:13 - debug: // ---- build task 查询 Asset Bundle ---- (2ms)

2026-9-14 19:06:13 - log: run build task 查询 Asset Bundle success in 2 ms√, progress: 17%

2026-9-14 19:06:13 - debug: [Build Memory track]: 查询 Asset Bundle start:239.01MB, end 239.13MB, increase: 124.35KB

2026-9-14 19:06:13 - debug: 打包脚本 start, progress: 17%

2026-9-14 19:06:13 - debug: // ---- build task 打包脚本 ----

2026-9-14 19:06:13 - log: [buildPolyfillsCommand]enter sub process 70668, 9229, see: chrome://inspect/#devices

2026-9-14 19:06:15 - debug: execute-script-end with buildPolyfillsCommand 1952ms

2026-9-14 19:06:15 - debug: Generate systemJs..., progress: 17%

2026-9-14 19:06:16 - debug: execute-script-end with buildSystemJsCommand 777ms

2026-9-14 19:06:16 - debug: 构建项目脚本 start..., progress: 17%

2026-9-14 19:06:16 - debug: 构建项目脚本 start..., progress: 13%

2026-9-14 19:06:17 - log: [buildScriptCommand]Number of non-entry chunks: 3

2026-9-14 19:06:17 - debug: execute-script-end with buildScriptCommand 1442ms

2026-9-14 19:06:17 - debug: Copy externalScripts success!

2026-9-14 19:06:17 - debug: 构建项目脚本 in (1454 ms) √, progress: 17%

2026-9-14 19:06:17 - debug: 构建项目脚本 in (1454 ms) √, progress: 13%

2026-9-14 19:06:17 - debug: 构建引擎脚本 start..., progress: 17%

2026-9-14 19:06:17 - debug: mangleProperties is enabled, found engine-mangle-config.json, use it

2026-9-14 19:06:17 - debug: Use cache engine: {link(/var/folders/3_/kntbl_mn48v4y3bk407zkf5c0000gn/T/CocosCreator/3.8.8/builder/engine/018bbaa91a28812a913abc10204d21b6)}

2026-9-14 19:06:17 - debug: Use cache, md5String: debug=true,sourceMaps=false,includeModules=["2d","3d","affine-transform","animation","audio","base","custom-pipeline","gfx-webgl","gfx-webgl2","graphics","intersection-2d","physics-ammo","primitive","profiler","tween","ui","custom-pipeline-builtin-scripts"],engineVersion="3.8.8",platformType="HTML5",split=false,nativeCodeBundleMode="both",targets=undefined,entry="/Applications/Cocos/Creator/3.8.8/CocosCreator.app/Contents/Resources/resources/3d/engine",noDeprecatedFeatures=undefined,loose=true,assetURLFormat="runtime-resolved",flags={"DEBUG":true,"LOAD_BULLET_MANUALLY":false,"LOAD_SPINE_MANUALLY":false,"WEBGPU":false},preserveType=undefined,wasmCompressionMode=false,enableNamedRegisterForSystemJSModuleFormat=undefined,mangleProperties=false,inlineEnum=true,

2026-9-14 19:06:17 - debug: Use cache, options: {  "entry": "/Applications/Cocos/Creator/3.8.8/CocosCreator.app/Contents/Resources/resources/3d/engine",  "debug": true,  "mangleProperties": false,  "inlineEnum": true,  "sourceMaps": false,  "includeModules": [    "2d",    "3d",    "affine-transform",    "animation",    "audio",    "base",    "custom-pipeline",    "gfx-webgl",    "gfx-webgl2",    "graphics",    "intersection-2d",    "physics-ammo",    "primitive",    "profiler",    "tween",    "ui",    "custom-pipeline-builtin-scripts"  ],  "engineVersion": "3.8.8",  "md5Map": [],  "engineName": "cocos-js",  "output": "/private/tmp/wxstack-ui-baseline-project/build/web-mobile/cocos-js",  "platformType": "HTML5",  "useCache": true,  "nativeCodeBundleMode": "both",  "wasmCompressionMode": false,  "split": false,  "assetURLFormat": "runtime-resolved",  "flags": {    "DEBUG": true,    "LOAD_BULLET_MANUALLY": false,    "LOAD_SPINE_MANUALLY": false,    "WEBGPU": false  }}

2026-9-14 19:06:17 - debug: Error: Exit process with code:null, signal:SIGTERM in task build-script    at ChildProcess.<anonymous> (/Applications/Cocos/Creator/3.8.8/CocosCreator.app/Contents/Resources/app.asar/builtin/builder/dist/worker/worker-pools/sub-process-manager.ccc:1:2409)    at ChildProcess.emit (node:events:519:28)    at Process.ChildProcess._handle.onexit (node:internal/child_process:294:12)

2026-9-14 19:06:17 - debug: 构建引擎脚本 in (42 ms) √, progress: 17%

2026-9-14 19:06:17 - debug: Copy plugin script ..., progress: 17%

2026-9-14 19:06:17 - debug: Generate import-map..., progress: 17%

2026-9-14 19:06:17 - debug: // ---- build task 打包脚本 ---- (4232ms)

2026-9-14 19:06:17 - log: run build task 打包脚本 success in 4 s√, progress: 22%

2026-9-14 19:06:17 - debug: [Build Memory track]: 打包脚本 start:239.25MB, end 242.43MB, increase: 3.18MB

2026-9-14 19:06:17 - debug: Build Assets start, progress: 22%

2026-9-14 19:06:17 - debug: // ---- build task Build Assets ----

2026-9-14 19:06:17 - debug: Build bundles..., progress: 22%

2026-9-14 19:06:17 - debug: Pack Images start, progress: 22%

2026-9-14 19:06:17 - debug: Pack Images start, progress: 13%

2026-9-14 19:06:17 - debug: Number of pac assets: 1

2026-9-14 19:06:17 - debug: No pack results

2026-9-14 19:06:17 - debug: Compress image start..., progress: 22%

2026-9-14 19:06:17 - debug: Compress image start..., progress: 13%

2026-9-14 19:06:17 - group: Compress image...

2026-9-14 19:06:17 - debug: sort compress task {}

2026-9-14 19:06:17 - debug: Num of all image compress task 0, really: 0, configTasks: 0

2026-9-14 19:06:17 - debug: No image need to compress

2026-9-14 19:06:17 - groupEnd: Compress image...

2026-9-14 19:06:17 - debug: Compress image success..., progress: 22%

2026-9-14 19:06:17 - debug: Compress image success..., progress: 13%

2026-9-14 19:06:17 - debug: Output asset in bundles start, progress: 22%

2026-9-14 19:06:17 - debug: Output asset in bundles start, progress: 13%

2026-9-14 19:06:17 - debug: Handle all json groups in bundle internal

2026-9-14 19:06:17 - debug: handle json group

2026-9-14 19:06:17 - debug: Handle all json groups in bundle resources

2026-9-14 19:06:17 - debug: handle json group

2026-9-14 19:06:17 - debug: Handle all json groups in bundle main

2026-9-14 19:06:17 - debug: handle json group

2026-9-14 19:06:17 - debug(2): handle single json

2026-9-14 19:06:17 - debug: Json group(04931e96c) compile success，json number: 6

2026-9-14 19:06:17 - debug: handle single json

2026-9-14 19:06:17 - debug: Output asset in bundles success, progress: 22%

2026-9-14 19:06:17 - debug: Output asset in bundles success, progress: 13%

2026-9-14 19:06:17 - debug: Output asset in bundles start, progress: 22%

2026-9-14 19:06:17 - debug: Output asset in bundles start, progress: 13%

2026-9-14 19:06:17 - debug: output config of bundle internal

2026-9-14 19:06:17 - debug: output config of bundle internal success

2026-9-14 19:06:17 - debug: output config of bundle resources

2026-9-14 19:06:17 - debug: output config of bundle resources success

2026-9-14 19:06:17 - debug: output config of bundle main

2026-9-14 19:06:17 - debug: output config of bundle main success

2026-9-14 19:06:17 - debug: Output asset in bundles success, progress: 22%

2026-9-14 19:06:17 - debug: Output asset in bundles success, progress: 13%

2026-9-14 19:06:17 - debug: // ---- build task Build Assets ---- (206ms)

2026-9-14 19:06:17 - log: run build task Build Assets success in 206 ms√, progress: 27%

2026-9-14 19:06:17 - debug: [Build Memory track]: Build Assets start:242.47MB, end 240.88MB, increase: -1625.52KB

2026-9-14 19:06:17 - debug: 整理部分构建选项内数据到 settings.json start, progress: 27%

2026-9-14 19:06:17 - debug: // ---- build task 整理部分构建选项内数据到 settings.json ----

2026-9-14 19:06:17 - debug: // ---- build task 整理部分构建选项内数据到 settings.json ---- (1ms)

2026-9-14 19:06:17 - log: run build task 整理部分构建选项内数据到 settings.json success in 1 ms√, progress: 29%

2026-9-14 19:06:17 - debug: [Build Memory track]: 整理部分构建选项内数据到 settings.json start:240.97MB, end 241.01MB, increase: 36.00KB

2026-9-14 19:06:17 - debug: 填充脚本数据到 settings.json start, progress: 29%

2026-9-14 19:06:17 - debug: // ---- build task 填充脚本数据到 settings.json ----

2026-9-14 19:06:17 - debug: // ---- build task 填充脚本数据到 settings.json ---- (1ms)

2026-9-14 19:06:17 - log: run build task 填充脚本数据到 settings.json success in 1 ms√, progress: 31%

2026-9-14 19:06:17 - debug: [Build Memory track]: 填充脚本数据到 settings.json start:241.05MB, end 241.08MB, increase: 35.01KB

2026-9-14 19:06:17 - debug: 整理部分构建选项内数据到 settings.json start, progress: 31%

2026-9-14 19:06:17 - debug: // ---- build task 整理部分构建选项内数据到 settings.json ----

2026-9-14 19:06:17 - debug: // ---- build task 整理部分构建选项内数据到 settings.json ---- (2ms)

2026-9-14 19:06:17 - log: run build task 整理部分构建选项内数据到 settings.json success in 2 ms√, progress: 32%

2026-9-14 19:06:17 - debug: [Build Memory track]: 整理部分构建选项内数据到 settings.json start:241.12MB, end 241.27MB, increase: 147.93KB

2026-9-14 19:06:17 - debug: web-mobile:(onBeforeCompressSettings) start..., progress: 32%

2026-9-14 19:06:17 - debug: // ---- build task web-mobile：onBeforeCompressSettings ----

2026-9-14 19:06:17 - debug: web-mobile:(onBeforeCompressSettings) in 0 ms ✓, progress: 34%

2026-9-14 19:06:17 - debug: cocos-service:(onBeforeCompressSettings) start..., progress: 34%

2026-9-14 19:06:17 - debug: // ---- build task cocos-service：onBeforeCompressSettings ----

2026-9-14 19:06:17 - debug: // ---- build task cocos-service：onBeforeCompressSettings ---- (2ms)

2026-9-14 19:06:17 - debug: cocos-service:(onBeforeCompressSettings) in 2 ms ✓, progress: 36%

2026-9-14 19:06:17 - debug: 整理静态模板文件 start, progress: 36%

2026-9-14 19:06:17 - debug: // ---- build task 整理静态模板文件 ----

2026-9-14 19:06:17 - debug: // ---- build task 整理静态模板文件 ---- (41ms)

2026-9-14 19:06:17 - log: run build task 整理静态模板文件 success in 41 ms√, progress: 41%

2026-9-14 19:06:17 - debug: [Build Memory track]: 整理静态模板文件 start:241.46MB, end 243.57MB, increase: 2.11MB

2026-9-14 19:06:17 - debug: cocos-service:(onAfterCompressSettings) start..., progress: 41%

2026-9-14 19:06:17 - debug: // ---- build task cocos-service：onAfterCompressSettings ----

2026-9-14 19:06:17 - debug: // ---- build task cocos-service：onAfterCompressSettings ---- (2ms)

2026-9-14 19:06:17 - debug: cocos-service:(onAfterCompressSettings) in 2 ms ✓, progress: 43%

2026-9-14 19:06:17 - debug: web-mobile:(onBeforeCopyBuildTemplate) start..., progress: 43%

2026-9-14 19:06:17 - debug: // ---- build task web-mobile：onBeforeCopyBuildTemplate ----

2026-9-14 19:06:17 - debug: // ---- build task web-mobile：onBeforeCopyBuildTemplate ---- (13ms)

2026-9-14 19:06:17 - debug: web-mobile:(onBeforeCopyBuildTemplate) in 13 ms ✓, progress: 45%

2026-9-14 19:06:17 - debug: 给所有的资源加上 MD5 后缀 start, progress: 45%

2026-9-14 19:06:17 - debug: // ---- build task 给所有的资源加上 MD5 后缀 ----

2026-9-14 19:06:17 - debug: // ---- build task 给所有的资源加上 MD5 后缀 ---- (1ms)

2026-9-14 19:06:17 - log: run build task 给所有的资源加上 MD5 后缀 success in 1 ms√, progress: 55%

2026-9-14 19:06:17 - debug: [Build Memory track]: 给所有的资源加上 MD5 后缀 start:241.77MB, end 241.88MB, increase: 104.93KB

2026-9-14 19:06:17 - debug: web-mobile:(onAfterBuild) start..., progress: 55%

2026-9-14 19:06:17 - debug: // ---- build task web-mobile：onAfterBuild ----

2026-9-14 19:06:17 - debug: // ---- build task web-mobile：onAfterBuild ---- (2ms)

2026-9-14 19:06:17 - debug: web-mobile:(onAfterBuild) in 2 ms ✓, progress: 56%

2026-9-14 19:06:17 - debug: cocos-service:(onAfterBuild) start..., progress: 56%

2026-9-14 19:06:17 - debug: // ---- build task cocos-service：onAfterBuild ----

2026-9-14 19:06:17 - debug: // ---- build task cocos-service：onAfterBuild ---- (2ms)

2026-9-14 19:06:17 - debug: cocos-service:(onAfterBuild) in 2 ms ✓, progress: 58%

2026-9-14 19:06:17 - debug: adsense-h5g-plugin:(onAfterBuild) start..., progress: 58%

2026-9-14 19:06:17 - debug: // ---- build task adsense-h5g-plugin：onAfterBuild ----

2026-9-14 19:06:17 - debug: // ---- build task adsense-h5g-plugin：onAfterBuild ---- (2ms)

2026-9-14 19:06:17 - debug: adsense-h5g-plugin:(onAfterBuild) in 2 ms ✓, progress: 60%

2026-9-14 19:06:17 - log: Asset DB is resume!

2026-9-14 19:06:17 - debug: builder:build-project-total (4606ms)

2026-9-14 19:06:17 - debug: build task(web-mobile) in 4606!

2026-9-14 19:06:17 - debug: [Build Memory track]: builder:build-project-total start:237.87MB, end 242.60MB, increase: 4.73MB

2026-9-14 19:06:17 - debug: ================================ build Task (web-mobile) Finished in (4 s)ms ================================

